Obtaining file:///home/runner/work/koschei-lang/koschei-lang
  Installing build dependencies: started
  Installing build dependencies: finished with status 'done'
  Checking if build backend supports build_editable: started
  Checking if build backend supports build_editable: finished with status 'done'
  Getting requirements to build editable: started
  Getting requirements to build editable: finished with status 'done'
  Preparing editable metadata (pyproject.toml): started
  Preparing editable metadata (pyproject.toml): finished with status 'done'
Building wheels for collected packages: koschei-lang
  Building editable for koschei-lang (pyproject.toml): started
  Building editable for koschei-lang (pyproject.toml): finished with status 'done'
  Created wheel for koschei-lang: filename=koschei_lang-0.9.0-0.editable-py3-none-any.whl size=8015 sha256=90b521338524e9bc1120ed5024b0bb4ba4679553b15086b05136be1970cea22e
  Stored in directory: /tmp/pip-ephem-wheel-cache-s__9haqi/wheels/53/c0/f4/ae34d2c47a92fc84c475e1e385d421eb0e7125480d48f58f30
Successfully built koschei-lang
Installing collected packages: koschei-lang
Successfully installed koschei-lang-0.9.0
/opt/hostedtoolcache/Python/3.12.13/x64/lib/python3.12/tempfile.py:940: ResourceWarning: Implicitly cleaning up <TemporaryDirectory '/tmp/tmpdtssndqh'>
  _warnings.warn(warn_message, ResourceWarning)
======================================================================
ERROR: test_write_and_network_effects_are_distinct (test_mir_effects_v5.MirEffectTests.test_write_and_network_effects_are_distinct)
----------------------------------------------------------------------
Traceback (most recent call last):
  File "/home/runner/work/koschei-lang/koschei-lang/tests/test_mir_effects_v5.py", line 45, in test_write_and_network_effects_are_distinct
    directory, mir = self.mir_for(source)
                     ^^^^^^^^^^^^^^^^^^^^
  File "/home/runner/work/koschei-lang/koschei-lang/tests/test_mir_effects_v5.py", line 16, in mir_for
    check_graph(graph)
  File "/home/runner/work/koschei-lang/koschei-lang/koschei/modules.py", line 168, in check_graph
    check_program_integrity(module.program)
  File "/home/runner/work/koschei-lang/koschei-lang/koschei/integrity.py", line 102, in check_program_integrity
    _error(
  File "/home/runner/work/koschei-lang/koschei-lang/koschei/integrity.py", line 23, in _error
    raise SemanticError(code, message, statement.location)
koschei.semantic.SemanticError: KS1303 [satır 2, sütun 1]: 'save' declares return type Void but not every control-flow path returns a value.

----------------------------------------------------------------------
Ran 428 tests in 21.579s

FAILED (errors=1)
